ancestor(john,mary)
ancestor(mary,bob)
parent(john,mary)
parent(mary,bob)
