ancestor(bob,alice)
ancestor(john,alice)
ancestor(john,bob)
ancestor(john,mary)
ancestor(mary,alice)
ancestor(mary,bob)
parent(bob,alice)
parent(john,mary)
parent(mary,bob)
