grandparent(john,bob)
parent(john,mary)
parent(mary,bob)
