connected(alice,bob)
connected(alice,carol)
connected(alice,dave)
connected(bob,carol)
connected(bob,dave)
connected(carol,dave)
friend(alice,bob)
friend(bob,carol)
friend(carol,dave)
