link(a,b)
link(b,c)
link(c,d)
link(d,e)
path(a,b)
path(a,c)
path(a,d)
path(a,e)
path(b,c)
path(b,d)
path(b,e)
path(c,d)
path(c,e)
path(d,e)
step(a,c)
step(a,d)
step(a,e)
step(b,d)
step(b,e)
step(c,e)
