link(a,b)
link(b,c)
link(c,d)
reachable(a,b)
reachable(a,c)
reachable(a,d)
reachable(b,c)
reachable(b,d)
reachable(c,d)
