parent(bob,alice)
parent(john,mary)
parent(mary,bob)
