combined(10,2,96)
combined(5,3,16)
combined(7,4,33)
